>>> say_my_name = __import__('3-say_my_name').say_my_name

say_my_name is a function that prints: My name is <first name> <last name>
-> Prototype: def say_my_name(first_name, last_name=""):
-> first_name and last_name must be strings
---
in this text file you will find a break down of all the possible cases
---
#case.1 all the conditions are respected
>>> say_my_name("Safouan", "Elmail")
My name is Safouan Elmail

---
#case.2 what if one of the names is not a srting
>>> say_my_name("Safouan", 25) 
Traceback (most recent call last):
    ...
TypeError: Last_name must be a string
>>> say_my_name([2, 6 ,9], "Elmail") 
Traceback (most recent call last):
    ...
TypeError: first_name must be a string

---
#case.3 what id we give only one name
>>> say_my_name("Safouan")
My name is Safouan 

---
#case.4 what if we give no arguments
>>> say_my_name()         
Traceback (most recent call last):
    ...
TypeError: say_my_name() missing 1 required positional argument: 'first_name'
